[    0.000000] Initializing cgroup subsys cpuset
[    0.000000] Initializing cgroup subsys cpu
[    0.000000] Initializing cgroup subsys cpuacct
[    0.000000] Linux version 4.4.0-18-generic (buildd@lcy01-05) (gcc version 5.3.1 20160405 (Ubuntu 5.3.1-13ubuntu4) ) #34-Ubuntu SMP Wed Apr 6 14:01:02 UTC 2016 (Ubuntu 4.4.0-18.34-generic 4.4.6)
[    0.000000] Command line: BOOT_IMAGE=/boot/vmlinuz-4.4.0-18-generic root=LABEL=cloudimg-rootfs ro console=tty1 console=ttyS0 net.ifnames=0
[    0.000000] KERNEL supported cpus:
[    0.000000]   Intel GenuineIntel
[    0.000000]   AMD AuthenticAMD
[    0.000000]   Centaur CentaurHuls
[    0.000000] x86/fpu: Legacy x87 FPU detected.
[    0.000000] x86/fpu: Using 'lazy' FPU context switches.
[    0.000000] e820: BIOS-provided physical RAM map:
[    0.000000] BIOS-e820: [mem 0x0000000000000000-0x000000000009fbff] usable
[    0.000000] BIOS-e820: [mem 0x000000000009fc00-0x000000000009ffff] reserved
[    0.000000] BIOS-e820: [mem 0x00000000000f0000-0x00000000000fffff] reserved
[    0.000000] BIOS-e820: [mem 0x0000000000100000-0x000000003ffeffff] usable
[    0.000000] BIOS-e820: [mem 0x000000003fff0000-0x000000003fffffff] ACPI data
[    0.000000] BIOS-e820: [mem 0x00000000fffc0000-0x00000000ffffffff] reserved
[    0.000000]] NX (Execute Disable) protection: active
[    0.000000] SMBIOS 2.5 present.
[    0.000000] Hypervisor detected: KVM
[    0.000000] e820: last_pfn = 0x3fff0 max_arch_pfn = 0x400000000
[    0.000000] x86/PAT: Configuration [0-7]: WB  WC  UC- UC  WB  WC  UC- WT  
[    0.000000] MTRR: Disabled
[    0.000000] CPU MTRRs all blank - virtualized system.
[    0.000000] found SMP MP-table at [mem 0x0009fff0-0x0009ffff] mapped at [ffff88000009fff0]
[    0.000000] Scanning 1 areas for low memory corruption
[    0.000000] RAMDISK: [mem 0x371b6000-0x378d2fff]
[    0.000000] ACPI: Early table checksum verification disabled
[    0.000000] ACPI: RSDP 0x00000000000E0000 000024 (v02 VBOX  )
[    0.000000] ACPI: XSDT 0x000000003FFF0030 00003C (v01 VBOX   VBOXXSDT 00000001 ASL  00000061)
[    0.000000] ACPI: FACP 0x000000003FFF00F0 0000F4 (v04 VBOX   VBOXFACP 00000001 ASL  00000061)
[    0.000000] ACPI: DSDT 0x000000003FFF0470 001E0B (v01 VBOX   VBOXBIOS 00000002 INTL 20160318)
[    0.000000] ACPI: FACS 0x000000003FFF0200 000040
[    0.000000] ACPI: FACS 0x000000003FFF0200 000040
[    0.000000] ACPI: APIC 0x000000003FFF0240 00005C (v02 VBOX   VBOXAPIC 00000001 ASL  00000061)
[    0.000000] ACPI: SSDT 0x000000003FFF02A0 0001CC (v01 VBOX   VBOXCPUT 00000002 INTL 20160318)
[    0.000000] No NUMA configuration found
[    0.000000] Faking a node at [mem 0x0000000000000000-0x000000003ffeffff]
[    0.000000] NODE_DATA(0) allocated [mem 0x3ffeb000-0x3ffeffff]
[    0.000000] kvm-clock: Using msrs 4b564d01 and 4b564d00
[    0.000000] kvm-clock: cpu 0, msr 0:3ffe7001, primary cpu clock
[    0.000000] kvm-clock: using sched offset of 3552840306 cycles
[    0.000000] clocksource: kvm-clock: mask: 0xffffffffffffffff max_cycles: 0x1cd42e4dffb, max_idle_ns: 881590591483 ns
[    0.000000] Zone ranges:
[    0.000000]   DMA      [mem 0x0000000000001000-0x0000000000ffffff]
[    0.000000]   DMA32    [mem 0x0000000001000000-0x000000003ffeffff]
[    0.000000]   Normal   empty
[    0.000000]   Device   empty
[    0.000000] Movable zone start for each node
[    0.000000] Early memory node ranges
[    0.000000]   node   0: [mem 0x0000000000001000-0x000000000009efff]
[    0.000000]   node   0: [mem 0x0000000000100000-0x000000003ffeffff]
[    0.000000] Initmem setup node 0 [mem 0x0000000000001000-0x000000003ffeffff]
[    0.000000] ACPI: PM-Timer IO Port: 0x4008
[    0.000000] IOAPIC[0]: apic_id 2, version 17, address 0xfec00000, GSI 0-23
[    0.000000] ACPI: INT_SRC_OVR (bus 0 bus_irq 0 global_irq 2 dfl dfl)
[    0.000000] ACPI: INT_SRC_OVR (bus 0 bus_irq 9 global_irq 9 high level)
[    0.000000] Using ACPI (MADT) for SMP configuration information
[    0.000000] smpboot: Allowing 2 CPUs, 0 hotplug CPUs
[    0.000000] PM: Registered nosave memory: [mem 0x00000000-0x00000fff]
[    0.000000] PM: Registered nosave memory: [mem 0x0009f000-0x0009ffff]
[    0.000000] PM: Registered nosave memory: [mem 0x000a0000-0x000effff]
[    0.000000] PM: Registered nosave memory: [mem 0x000f0000-0x000fffff]
[    0.000000] e820: [mem 0x40000000-0xfffbffff] available for PCI devices
[    0.000000] Booting paravirtualized kernel on KVM
[    0.000000] clocksource: refined-jiffies: mask: 0xffffffff max_cycles: 0xffffffff, max_idle_ns: 7645519600211568 ns
[    0.000000] setup_percpu: NR_CPUS:256 nr_cpumask_bits:256 nr_cpu_ids:2 nr_node_ids:1
[    0.000000] PERCPU: Embedded 33 pages/cpu @ffff88003fc00000 s98008 r8192 d28968 u1048576
[    0.000000] PV qspinlock hash table entries: 256 (order: 0, 4096 bytes)
[    0.000000] Built 1 zonelists in Node order, mobility grouping on.  Total pages: 257913
[    0.000000] Policy zone: DMA32
[    0.000000] Kernel command line: BOOT_IMAGE=/boot/vmlinuz-4.4.0-18-generic root=LABEL=cloudimgrootfs ro console=tty1 console=ttyS0 net.ifnames=0
[    0.000000] PID hash table entries: 4096 (order: 3, 32768 bytes)
[    0.000000] Memory: 1005364K/1048120K available (8355K kernel code, 1278K rwdata, 3920K rodata 1476K init, 1292K bss, 42756K reserved, 0K cma-reserved)
[    0.000000] SLUB: HWalign=64, Order=0-3, MinObjects=0, CPUs=2, Nodes=1
[    0.000000] Hierarchical RCU implementation.
[    0.000000] 	Build-time adjustment of leaf fanout to 64.
[    0.000000] 	RCU restricting CPUs from NR_CPUS=256 to nr_cpu_ids=2.
[    0.000000] RCU: Adjusting geometry for rcu_fanout_leaf=64, nr_cpu_ids=2
[    0.000000] NR_IRQS:16640 nr_irqs:440 16
[    0.000000] Console: colour VGA+ 80x25
[    0.000000] console [tty1] enabled
[    0.000000] console [ttyS0] enabled

[    0.000000] tsc: Detected 2395.906 MHz processor
[    0.564933] Calibrating delay loop (skipped) preset value.. 4791.81 BogoMIPS (lpj=9583624)
[    0.568869] pid_max: default: 32768 minimum: 301
[    0.570970] ACPI: Core revision 20150930
[    0.574541] ACPI: 2 ACPI AML tables successfully acquired and loaded
[    0.577544] Security Framework initialized
[    0.579510] Yama: becoming mindful.
[    0.581385] AppArmor: AppArmor initialized
[    0.583554] Dentry cache hash table entries: 131072 (order: 8, 1048576 bytes)
[    0.586949] Inode-cache hash table entries: 65536 (order: 7, 524288 bytes)
[    0.591075] Mount-cache hash table entries: 2048 (order: 2, 16384 bytes)
[    0.648155] Mountpoint-cache hash table entries: 2048 (order: 2, 16384 bytes)
[    0.656980] Initializing cgroup subsys io
[    0.659014] Initializing cgroup subsys memory
[    0.661156] Initializing cgroup subsys devices
[    0.663307] Initializing cgroup subsys freezer
[    0.665441] Initializing cgroup subsys net_cls
[    0.667567] Initializing cgroup subsys perf_event
[    0.669746] Initializing cgroup subsys net_prio
[    0.671926] Initializing cgroup subsys hugetlb
[    0.674075] Initializing cgroup subsys pids
[    0.676308] CPU: Physical Processor ID: 0
[    0.678355] CPU: Processor Core ID: 0
[    0.680230] mce: CPU supports 0 MCE banks
[    0.718430] Last level iTLB entries: 4KB 128, 2MB 4, 4MB 4
[    0.720824] Last level dTLB entries: 4KB 256, 2MB 0, 4MB 32, 1GB 0
[    0.727647] Freeing SMP alternatives memory: 28K (ffffffff820b2000 - ffffffff820b9000)
[    0.750392] ftrace: allocating 31877 entries in 125 pages
[    0.866972] smpboot: Max logical packages: 1
[    0.890297] ..TIMER: vector=0x30 apic1=0 pin1=2 apic2=-1 pin2=-1
[    0.998009] smpboot: CPU0: Intel(R) Core(TM)2 CPU          6600  @ 2.40GHz (family: 0x6, model: 0xf, stepping: 0x6)
[    1.009391] Performance Events: unsupported p6 CPU model 15 no PMU driver, software events only.
[    1.015010] KVM setup paravirtual spinlock
[    1.019751] x86: Booting SMP configuration:
[    1.022374] .... node  #0, CPUs:      #1
[    1.026178] kvm-clock: cpu 1, msr 0:3ffe7041, secondary cpu clock
[    1.039673] mce: CPU supports 0 MCE banks
[    1.044625] x86: Booted up 1 node, 2 CPUs
[    1.047331] smpboot: Total of 2 processors activated (9583.62 BogoMIPS)
[    1.052217] devtmpfs: initialized
[    1.058256] evm: security.selinux
[    1.061043] evm: security.SMACK64
[    1.063659] evm: security.SMACK64EXEC
[    1.066437] evm: security.SMACK64TRANSMUTE
[    1.069426] evm: security.SMACK64MMAP
[    1.072196] evm: security.ima
[    1.074714] evm: security.capability
[    1.078576] clocksource: jiffies: mask: 0xffffffff max_cycles: 0xffffffff, max_idle_ns: 7645041785100000 ns
[    1.086813] pinctrl core: initialized pinctrl subsystem
[    1.090902] RTC time:  8:34:58, date: 04/18/16
[    1.095206] NET: Registered protocol family 16
[    1.113593] cpuidle: using governor ladder
[    1.131089] cpuidle: using governor menu
[    1.133086] PCCT header not found.
[    1.142145] ACPI: bus type PCI registered
[    1.151649] acpiphp: ACPI Hot Plug PCI Controller Driver version: 0.5
[    1.165120] PCI: Using configuration type 1 for base access
[    1.179109] ACPI: Added _OSI(Module Device)
[    1.209681] ACPI: Added _OSI(Processor Device)
[    1.211806] ACPI: Added _OSI(3.0 _SCP Extensions)
[    1.214001] ACPI: Added _OSI(Processor Aggregator Device)
[    1.217634] ACPI: Executed 1 blocks of module-level executable AML code
[    1.247058] ACPI: Interpreter enabled
[    1.248910] ACPI Exception: AE_NOT_FOUND, While evaluating Sleep State [\_S1_] (20150930/hwxface-580)
[    1.293806] ACPI Exception: AE_NOT_FOUND, While evaluating Sleep State [\_S2_] (20150930/hwxface-580)
[    1.303710] ACPI Exception: AE_NOT_FOUND, While evaluating Sleep State [\_S3_] (20150930/hwxface-580)
[    1.312105] ACPI Exception: AE_NOT_FOUND, While evaluating Sleep State [\_S4_] (20150930/hwxface-580)
[    1.326997] ACPI: (supports S0 S5)
[    1.328766] ACPI: Using IOAPIC for interrupt routing
[    1.331324] PCI: Using host bridge windows from ACPI; if necessary, use "pci=nocrs" and report a bug
[    1.372324] ACPI: PCI Root Bridge [PCI0] (domain 0000 [bus 00-ff])
[    1.385386] acpi PNP0A03:00: _OSC: OS supports [ASPM ClockPM Segments MSI]
[    1.388260] acpi PNP0A03:00: _OSC failed (AE_NOT_FOUND); disabling ASPM
[    1.404111] acpi PNP0A03:00: fail to add MMCONFIG information, can't access extended PCI configuration space under this bridge.
[    1.433065] PCI host bridge to bus 0000:00
[    1.435093] pci_bus 0000:00: root bus resource [io  0x0000-0x0cf7 window]
[    1.437892] pci_bus 0000:00: root bus resource [io  0x0d00-0xffff window]
[    1.474330] pci_bus 0000:00: root bus resource [mem 0x000a0000-0x000bffff window]
[    1.520834] pci_bus 0000:00: root bus resource [mem 0x40000000-0xffdfffff window]
[    1.572545] pci_bus 0000:00: root bus resource [bus 00-ff]
[    1.577993] pci 0000:00:01.1: legacy IDE quirk: reg 0x10: [io  0x01f0-0x01f7]
[    1.580841] pci 0000:00:01.1: legacy IDE quirk: reg 0x14: [io  0x03f6]
[    1.603147] pci 0000:00:01.1: legacy IDE quirk: reg 0x18: [io  0x0170-0x0177]
[    1.606044] pci 0000:00:01.1: legacy IDE quirk: reg 0x1c: [io  0x0376]
[    1.671296] ACPI: PCI Interrupt Link [LNKA] (IRQs 5 9 10 11) *0, disabled.
[    1.681057] ACPI: PCI Interrupt Link [LNKB] (IRQs 5 9 10 *11)
[    1.684633] ACPI: PCI Interrupt Link [LNKC] (IRQs 5 9 *10 11)
[    1.688188] ACPI: PCI Interrupt Link [LNKD] (IRQs 5 *9 10 11)
[    1.691920] ACPI: Enabled 2 GPEs in block 00 to 07
[    1.695591] vgaarb: setting as boot device: PCI:0000:00:02.0
[    1.698060] vgaarb: device added: PCI:0000:00:02.0,decodes=io+mem,owns=io+mem,locks=none
[    1.701931] vgaarb: loaded
[    1.734167] vgaarb: bridge control possible 0000:00:02.0
[    1.737386] SCSI subsystem initialized
[    1.740024] ACPI: bus type USB registered
[    1.742094] usbcore: registered new interface driver usbfs
[    1.744476] usbcore: registered new interface driver hub
[    1.746897] usbcore: registered new device driver usb
[    1.750104] PCI: Using ACPI for IRQ routing
[    1.758404] NetLabel: Initializing
[    1.760151] NetLabel:  domain hash size = 128
[    1.767555] NetLabel:  protocols = UNLABELED CIPSOv4
[    1.774984] NetLabel:  unlabeled traffic allowed by default
[    1.790026] clocksource: Switched to clocksource kvm-clock
[    1.811593] AppArmo: AppArmor Filesystem Enabled
[    1.942426] pnp: PnP ACPI init
[    1.945551] pnp: PnP ACPI: found 3 devices

[   1.967900] clocksource: acpi_pm: mask: 0xffffff max_cycles: 0xffffff, max_idle_ns: 2085701024 ns
[    2.015434] NET: Registered protocol family 2

[    2.018517] TCP established hash table entries: 8192 (order: 4, 65536 bytes)
[    2.021496] TCP bind hash table entries: 8192 (order: 5, 131072 bytes)
[    2.024293] TCP: Hash tables configured (established 8192 bind 8192)
[    2.027220] UDP hash table entries: 512 (order: 2, 16384 bytes)
[    2.029814] UDP-Lite hash table entries: 512 (order: 2, 16384 bytes)
[    2.032606] NET: Registered protocol family 1
[    2.034746] pci 0000:00:00.0: Limiting direct PCI/PCI transfers
[    2.037329] pci 0000:00:01.0: Activating ISA DMA hang workarounds
[    2.040291] Trying to unpack rootfs image as initramfs...
[  3.826012] Freeing initrd memory: 7284K (ffff8800371b6000 - ffff8800378d3000)
[    3.915314] platform rtc_cmos: registered platform RTC device (no PNP device found)
[    3.919116] Scanning for low memory corruption every 60 seconds

[    3.922691] futex hash table entries: 512 (order: 3, 32768 bytes)
[    3.925454] audit: initializing netlink subsys (disabled)
[    3.929113] audit: type=2000 audit(1460968505.310:1): initialized
[    3.940943] Initialise system trusted keyring
[    3.943742] HugeTLB registered 2 MB page size, pre-allocated 0 pages
[    3.949480] zbud: loaded
[    3.951578] VFS: Disk quotas dquot_6.6.0
[    3.953619] VFS: Dquot-cache hash table entries: 512 (order 0, 4096 bytes)
[    3.957677] fuse init (API version 7.23)
[    3.959928] Key type big_key registered
[    3.965178] Key type asymmetric registered
[    3.967265] Asymmetric key parser 'x509' registered
[    3.969571] Block layer SCSI generic (bsg) driver version 0.4 loaded (major 249)
[    3.981215] io scheduler noop registered
[    3.987159] io scheduler deadline registered (default)
[    3.989543] io scheduler cfq registered
[    4.009488] pci_hotplug: PCI Hot Plug PCI Core version: 0.5
[    4.059302] pciehp: PCI Express Hot Plug Controller Driver version: 0.4
[    4.069863] ACPI: AC Adapter [AC] (on-line)
[    4.090268] input: Power Button as /devices/LNXSYSTM:00/LNXPWRBN:00/input/input0
[    4.094056] ACPI: Power Button [PWRF]
[    4.096068] input: Sleep Button as /devices/LNXSYSTM:00/LNXSLPBN:00/input/input1
[    4.100832] ACPI: Sleep Button [SLPF]
[    4.110350] GHES: HEST is not enabled!
[    4.112480] Serial: 8250/16550 driver, 32 ports, IRQ sharing enabled
[    4.139500] 00:02: ttyS0 at I/O 0x3f8 (irq = 4, base_baud = 115200) is a 16550A
[    4.145490] Linux agpgart interface v0.103
[    4.155719] brd: module loaded
[    4.172886] loop: module loaded
[    4.220949] scsi host0: ata_piix
[    4.230212] scsi host1: ata_piix
[    4.249811] ata1: PATA max UDMA/33 cmd 0x1f0 ctl 0x3f6 bmdma 0xd000 irq 14
[    4.252787] ata2: PATA max UDMA/33 cmd 0x170 ctl 0x376 bmdma 0xd008 irq 15
[    4.256000] libphy: Fixed MDIO Bus: probed
[    4.258308] tun: Universal TUN/TAP device driver, 1.6
[    4.260764] tun: (C) 1999-2004 Max Krasnyansky <maxk@qualcomm.com>
[    4.263569] PPP generic driver version 2.4.2
[    4.265779] ehci_hcd: USB 2.0 'Enhanced' Host Controller (EHCI) Driver
[    4.268681] ehci-pci: EHCI PCI platform driver
[    4.270859] ehci-platform: EHCI generic platform driver
[    4.329428] ohci_hcd: USB 1.1 'Open' Host Controller (OHCI) Driver
[    4.340545] ohci-pci: OHCI PCI platform driver
[    4.379190] ohci-platform: OHCI generic platform driver
[    4.395738] uhci_hcd: USB Universal Host Controller Interface driver
[    4.452813] i8042: PNP: PS/2 Controller [PNP0303:PS2K,PNP0f03:PS2M] at 0x60,0x64 irq 1,12
[    4.477269] serio: i8042 KBD port at 0x60,0x64 irq 1
[    4.481608] serio: i8042 AUX port at 0x60,0x64 irq 12
[    4.486853] mousedev: PS/2 mouse device common for all mice
[    4.510645] rtc_cmos rtc_cmos: rtc core: registered rtc_cmos as rtc0
[    4.630811] input: AT Translated Set 2 keyboard as /devices/platform/i8042/serio0/input/input2
[    4.642300] rtc_cmos rtc_cmos: alarms up to one day, 114 bytes nvram
[    4.660570] i2c /dev entries driver
[    4.663772] device-mapper: uevent: version 1.0.3
[    4.667556] device-mapper: ioctl: 4.34.0-ioctl (2015-10-28) initialised: dm-devel@redhat.com
[    4.673723] ledtrig-cpu: registered to indicate activity on CPUs
[    4.679269] NET: Registered protocol family 10
[    4.683419] NET: Registered protocol family 17
[    4.686764] Key type dns_resolver registered
[    4.690586] microcode: CPU0 sig=0x6f6, pf=0x40, revision=0x60b
[    4.694666] microcode: CPU1 sig=0x6f6, pf=0x40, revision=0x60b
[    4.700030] microcode: Microcode Update Driver: v2.01 <tigran@aivazian.fsnet.co.uk>, Peter Oruba
[    4.707525] registered taskstats version 1
[    4.710741] Loading compiled-in X.509 certificates
[    4.716128] Loaded X.509 cert 'Build time autogenerated kernel key: 46aac491f1b0fe5a07252157966e4fbbb99d02a4'
[    4.723144] zswap: loaded using pool lzo/zbud
[    4.742727] Key type trusted registered
[    4.778555] Key type encrypted registered
[    4.781819] AppArmor: AppArmor sha1 policy hashing enabled
[    4.786730] ima: No TPM chip found, activating TPM-bypass!
[    4.789233] evm: HMAC attrs: 0x1
[    4.791556]   Magic number: 12:216:574
[    4.793714] rtc_cmos rtc_cmos: setting system clock to 2016-04-18 08:35:02 UTC (1460968502)
[    4.798025] BIOS EDD facility v0.16 2004-Jun-25, 0 devices found
[    4.800716] EDD information not available.
[    4.810376] Freeing unused kernel memory: 1476K (ffffffff81f41000 - ffffffff820b2000)
[    4.817919] Write protecting the kernel read-only data: 14336k
[    4.833608] tsc: Refined TSC clocksource calibration: 2395.921 MHz
[    4.836459] clocksource: tsc: mask: 0xffffffffffffffff max_cycles: 0x22892a46a82, max_idle_ns: 440795314273 ns
[    4.862012] Freeing unused kernel memory: 1872K (ffff88000182c000 - ffff880001a00000)
[    4.866885] Freeing unused kernel memory: 176K (ffff880001dd4000 - ffff880001e00000)
Loading, please wait...
starting version 229
[    4.999203] random: systemd-udevd urandom read with 2 bits of entropy available
[    5.172428] Fusion MPT base driver 3.04.20
[    5.190572] Copyright (c) 1999-2008 LSI Corporation
[    5.200053] e1000: Intel(R) PRO/1000 Network Driver - version 7.3.21-k8-NAPI
[    5.205017] e1000: Copyright (c) 1999-2006 Intel Corporation.
[    5.370395] Fusion MPT SPI Host driver 3.04.20
[    5.423145] input: ImExPS/2 Generic Explorer Mouse as /devices/platform/i8042/serio1/input/input4
[    6.046476] e1000 0000:00:03.0 eth0: (PCI:33MHz:32-bit) 02:9c:f7:f2:09:25
[    6.052673] e1000 0000:00:03.0 eth0: Intel(R) PRO/1000 Network Connection
[    6.058023] mptbase: ioc0: Initiating bringup
[    6.455935] ioc0: LSI53C1030 A0: Capabilities={Initiator}
[    7.890712] scsi host2: ioc0: LSI53C1030 A0, FwRev=00000000h, Ports=1, MaxQ=256, IRQ=20
[    8.240656] floppy0: no floppy controllers found
[    8.310656] scsi 2:0:0:0: Direct-Access     VBOX     HARDDISK         1.0  PQ: 0 ANSI: 5
[    8.319069] scsi target2:0:0: Beginning Domain Validation
[    8.327014] scsi target2:0:0: Domain Validation skipping write tests
[    8.331105] scsi target2:0:0: Ending Domain Validation
[    8.334781] scsi target2:0:0: asynchronous
[    8.338863] scsi 2:0:1:0: Direct-Access     VBOX     HARDDISK         1.0  PQ: 0 ANSI: 5
[    8.349057] scsi target2:0:1: Beginning Domain Validation
[    8.356294] scsi target2:0:1: Domain Validation skipping write tests
[    8.381230] scsi target2:0:1: Ending Domain Validation
[    8.386077] scsi target2:0:1: asynchronous
[    8.404287] sd 2:0:0:0: Attached scsi generic sg0 type 0
[    8.408141] sd 2:0:0:0: [sda] 20971520 512-byte logical blocks: (10.7 GB/10.0 GiB)
[    8.415666] sd 2:0:0:0: [sda] Write Protect is off
[    8.418392] sd 2:0:1:0: Attached scsi generic sg1 type 0
[    8.424454] sd 2:0:1:0: [sdb] 20480 512-byte logical blocks: (10.5 MB/10.0 MiB)
[    8.424523] sd 2:0:0:0: [sda] Incomplete mode parameter data
[    8.424526] sd 2:0:0:0: [sda] Assuming drive cache: write through
[    8.436331]  sda: sda1
[    8.438222] sd 2:0:0:0: [sda] Attached SCSI disk
[    8.458515] sd 2:0:1:0: [sdb] Write Protect is off
[    8.462404] sd 2:0:1:0: [sdb] Incomplete mode parameter data
[    8.467243] sd 2:0:1:0: [sdb] Assuming drive cache: write through
[    8.474926] sd 2:0:1:0: [sdb] Attached SCSI disk
Begin: Loading essential drivers ... [    9.896280] md: linear personality registered for level -1
[    9.929795] md: multipath personality registered for level -4
[    9.956295] md: raid0 personality registered for level 0
[   10.113580] md: raid1 personality registered for level 1
[   10.225462] raid6: sse2x1   gen()  3684 MB/s
[   10.347663] raid6: sse2x1   xor()  4137 MB/s
[   10.448196] raid6: sse2x2   gen()  3678 MB/s
[   10.557704] raid6: sse2x2   xor()  3134 MB/s
[   10.657634] raid6: sse2x4   gen()  4248 MB/s
[   10.807647] raid6: sse2x4   xor()  3636 MB/s
[   10.819572] raid6: using algorithm sse2x4 gen() 4248 MB/s
[   10.878846] raid6: .... xor() 3636 MB/s, rmw enabled
[   10.939649] raid6: using ssse3x2 recovery algorithm
[   11.036096] xor: measuring software checksum speed
[   11.137665]    prefetch64-sse: 14528.000 MB/sec
[   11.230471]    generic_sse: 15652.000 MB/sec
[   11.253576] xor: using function: generic_sse (15652.000 MB/sec)
[   11.274282] async_tx: api initialized (async)
[   11.347556] md: raid6 personality registered for level 6
[   11.429166] md: raid5 personality registered for level 5
[   11.448871] md: raid4 personality registered for level 4
[   11.528655] md: raid10 personality registered for level 10
done.
Begin: Running /scripts/init-premount ... done.
Begin: Mounting root file system ... Begin: Running /scripts/local-top ... done.
Begin: Running /scripts/local-premount ... [   11.709358] Btrfs loaded
Scanning for Btrfs filesystems
done.
Warning: fsck not present, so skipping root file system
[   12.112619] EXT4-fs (sda1): mounted filesystem with ordered data mode. Opts: (null)
done.
Begin: Running /scripts/local-bottom ... done.
Begin: Running /scripts/init-bottom ... Warning: overlayroot: debug is busted
done.
[   12.600571] systemd[1]: systemd 229 running in system mode. (+PAM +AUDIT +SELINUX +IMA +APPARMOR +SMACK +SYSVINIT +UTMP +LIBCRYPTSETUP +GCRYPT +GNUTLS +ACL +XZ -LZ4 +SECCOMP +BLKID +ELFUTILS +KMOD -IDN)
[   12.631940] systemd[1]: Detected virtualization oracle.
[   12.689612] systemd[1]: Detected architecture x86-64.

Welcome to [1mUbuntu 16.04[0m!

[   12.756661] systemd[1]: Set hostname to <ubuntu>.
[   12.766748] systemd[1]: Initializing machine ID from random generator.
[   12.771022] systemd[1]: Installed transient /etc/machine-id file.
[   13.168556] systemd[1]: Created slice System Slice.
[[0;32m  OK  [0m] Created slice System Slice.
[   13.184476] systemd[1]: Listening on LVM2 poll daemon socket.
[[0;32m  OK  [0m] Listening on LVM2 poll daemon socket.
[   13.189086] systemd[1]: Reached target Encrypted Volumes.
[[0;32m  OK  [0m] Reached target Encrypted Volumes.
[   13.193581] systemd[1]: Listening on /dev/initctl Compatibility Named Pipe.
[[0;32m  OK  [0m] Listening on /dev/initctl Compatibility Named Pipe.
[   13.199070] systemd[1]: Listening on Journal Socket.
[[0;32m  OK  [0m] Listening on Journal Socket.
[   13.219179] systemd[1]: Starting Remount Root and Kernel File Systems...
         Starting Remount Root and Kernel File Systems...
[   13.243258] EXT4-fs (sda1): re-mounted. Opts: (null)
[   13.256609] systemd[1]: Starting Load Kernel Modules...
         Starting Load Kernel Modules...
[   13.299808] Loading iSCSI transport class v2.0-870.
[   13.315799] systemd[1]: Mounting Debug File System...
         Mounting Debug File System...
[   13.382350] iscsi: registered transport (tcp)
[   13.410781] systemd[1]: Mounting Huge Pages File System...
         Mounting Huge Pages File System...
[   13.453490] systemd[1]: Listening on Journal Audit Socket.
[[0;32m  OK  [0m] Listening on Journal Audit Socket.
[   13.465125] systemd[1]: Listening on udev Kernel Socket.
[[0;32m  OK  [0m] Listening on udev Kernel Socket.
[   13.503864] systemd[1]: Starting Create list of required static device nodes for the current kernel...
         Starting Create list of required st... nodes for the current kernel...
[   13.541113] systemd[1]: Created slice system-serial\x2dgetty.slice.
[   13.545187] random: nonblocking pool is initialized
[[0;32m  OK  [0m] Created slice system-serial\x2dgetty.slice.
[   13.561275] systemd[1]: Listening on Syslog Socket.
[[0;32m  OK  [0m] Listening on Syslog Socket.
[   13.599467] systemd[1]: Starting Uncomplicated firewall...
         Starting Uncomplicated firewall...
[   13.618522] systemd[1]: Listening on LVM2 metadata daemon socket.
[[0;32m  OK  [0m] Listening on LVM2 metadata daemon socket.
[   13.624730] systemd[1]: Set up automount Arbitrary Executable File Formats File System Automount Point.
[[0;32m  OK  [0m] Set up automount Arbitrary Executab...ats File System Automount Point.
[   13.634991] systemd[1]: Listening on udev Control Socket.
[[0;32m  OK  [0m] Listening on udev Control Socket.
[   13.640228] systemd[1]: Listening on Journal Socket (/dev/log).
[[0;32m  OK  [0m] Listening on Journal Socket (/dev/log).
[   13.667175] systemd[1]: Starting Journal Service...
         Starting Journal Service...
[   13.686940] systemd[1]: Started Forward Password Requests to Wall Directory Watch.
[[0;32m  OK  [0m] Started Forward Password Requests to Wall Directory Watch.
[   13.733294] systemd[1]: Created slice User and Session Slice.
[[0;32m  OK  [0m] Created slice User and Session Slice.
[   13.740123] systemd[1]: Reached target Slices.
[[0;32m  OK  [0m] Reached target Slices.
[   13.744531] systemd[1]: Reached target User and Group Name Lookups.
[[0;32m  OK  [0m] Reached target User and Group Name Lookups.
[   13.752798] systemd[1]: Created slice system-getty.slice.
[[0;32m  OK  [0m] Created slice system-getty.slice.
[   13.811496] systemd[1]: Starting Nameserver information manager...
         Starting Nameserver information manager...
[   13.830002] systemd[1]: Listening on Device-mapper event daemon FIFOs.
[[0;32m  OK  [0m] Listening on Device-mapper event daemon FIFOs.
[   13.842424] systemd[1]: Starting Monitoring of LVM2 mirrors, snapshots etc. using dmeventd or progress polling...
         Starting Monitoring of LVM2 mirrors... dmeventd or progress polling...
[   13.868726] systemd[1]: Reached target Swap.
[[0;32m  OK  [0m] Reached target Swap.
[   13.877785] systemd[1]: Mounting POSIX Message Queue File System...
         Mounting POSIX Message Queue File System...
[   13.928630] systemd[1]: Mounted POSIX Message Queue File System.
[[0;32m  OK  [0m] Mounted POSIX Message Queue File System.
[   14.040032] systemd[1]: Mounted Debug File System.
[[0;32m  OK  [0m] Mounted Debug File System.
[   14.046026] systemd[1]: Mounted Huge Pages File System.
[[0;32m  OK  [0m] Mounted Huge Pages File System.
[   14.052929] systemd[1]: Started Journal Service.
[[0;32m  OK  [0m] Started Journal Service.
[[0;32m  OK  [0m] Started Remount Root and Kernel File Systems.
[[0;1;31mFAILED[0m] Failed to start Load Kernel Modules.
See 'systemctl status systemd-modules-load.service' for details.
[[0;32m  OK  [0m] Started Create list of required sta...ce nodes for the current kernel.
[[0;32m  OK  [0m] Started Uncomplicated firewall.
[[0;32m  OK  [0m] Started Nameserver information manager.
[[0;32m  OK  [0m] Started LVM2 metadata daemon.
         Starting Create Static Device Nodes in /dev...
         Mounting FUSE Control File System...
         Starting Apply Kernel Variables...
         Starting Load/Save Random Seed...
         Starting udev Coldplug all Devices...
         Starting Flush Journal to Persistent Storage...
[[0;32m  OK  [0m] Mounted FUSE Control File System.
[[0;32m  OK  [0m] Started Create Static Device Nodes in /dev.
[[0;32m  OK  [0m] Started Apply Kernel Variables.
[[0;32m  OK  [0m] Started Load/Save Random Seed.
         Starting udev Kernel Device Manager...
[[0;32m  OK  [0m] Started Flush Journal to Persistent Storage.
[[0;32m  OK  [0m] Started udev Kernel Device Manager.
[[0;32m  OK  [0m] Started Monitoring of LVM2 mirrors,...ng dmeventd or progress polling.
[[0;32m  OK  [0m] Started udev Coldplug all Devices.
[[0;32m  OK  [0m] Started Dispatch Password Requests to Console Directory Watch.
[[0;32m  OK  [0m] Reached target Local File Systems (Pre).
[[0;32m  OK  [0m] Reached target Local File Systems.
         Starting Commit a transient machine-id on disk...
         Starting Set console keymap...
         Starting LSB: AppArmor initialization...
         Starting Tell Plymouth To Write Out Runtime Data...
         Starting Create Volatile Files and Directories...
         Starting Initial cloud-init job (pre-networking)...
[[0;32m  OK  [0m] Started Commit a transient machine-id on disk.
[[0;32m  OK  [0m] Started Tell Plymouth To Write Out Runtime Data.
[[0;32m  OK  [0m] Started Create Volatile Files and Directories.
         Starting Update UTMP about System Boot/Shutdown...
         Starting Network Time Synchronization...
[[0;32m  OK  [0m] Started Set console keymap.
[[0;32m  OK  [0m] Started Network Time Synchronization.
[[0;32m  OK  [0m] Reached target System Time Synchronized.
[[0;32m  OK  [0m] Started Update UTMP about System Boot/Shutdown.
[[0;32m  OK  [0m] Found device /dev/ttyS0.
[[0;32m  OK  [0m] Listening on Load/Save RF Kill Switch Status /dev/rfkill Watch.
[   18.640176] cloud-init[475]: Cloud-init v. 0.7.7 running 'init-local' at Mon, 18 Apr 2016 08:35:15 +0000. Up 16.21 seconds.
[[0;32m  OK  [0m] Started Initial cloud-init job (pre-networking).
[[0;32m  OK  [0m] Reached target Network (Pre).
[[0m[0;31m*     [0m] A start job is running for LSB: App... initialization (12s / no limit)[K[[0;1;31m*[0m[0;31m*    [0m] A start job is running for LSB: App... initialization (12s / no limit)[K[[0;31m*[0;1;31m*[0m[0;31m*   [0m] A start job is running for LSB: App... initialization (13s / no limit)[K[ [0;31m*[0;1;31m*[0m[0;31m*  [0m] A start job is running for LSB: App... initialization (13s / no limit)[K[  [0;31m*[0;1;31m*[0m[0;31m* [0m] A start job is running for LSB: App... initialization (14s / no limit)[K[   [0;31m*[0;1;31m*[0m[0;31m*[0m] A start job is running for LSB: App... initialization (14s / no limit)[K[    [0;31m*[0;1;31m*[0m] A start job is running for LSB: App... initialization (15s / no limit)[K[     [0;31m*[0m] A start job is running for LSB: App... initialization (15s / no limit)[K[    [0;31m*[0;1;31m*[0m] A start job is running for LSB: App... initialization (16s / no limit)[K[   [0;31m*[0;1;31m*[0m[0;31m*[0m] A start job is running for LSB: App... initialization (16s / no limit)[K[  [0;31m*[0;1;31m*[0m[0;31m* [0m] A start job is running for LSB: App... initialization (17s / no limit)[K[ [0;31m*[0;1;31m*[0m[0;31m*  [0m] A start job is running for LSB: App... initialization (17s / no limit)[K[[0;31m*[0;1;31m*[0m[0;31m*   [0m] A start job is running for LSB: App... initialization (18s / no limit)[K[[0;1;31m*[0m[0;31m*    [0m] A start job is running for LSB: App... initialization (18s / no limit)[K[[0m[0;31m*     [0m] A start job is running for LSB: App... initialization (19s / no limit)[K[[0;1;31m*[0m[0;31m*    [0m] A start job is running for LSB: App... initialization (19s / no limit)[K[[0;31m*[0;1;31m*[0m[0;31m*   [0m] A start job is running for LSB: App... initialization (20s / no limit)[K[ [0;31m*[0;1;31m*[0m[0;31m*  [0m] A start job is running for LSB: App... initialization (20s / no limit)[K[  [0;31m*[0;1;31m*[0m[0;31m* [0m] A start job is running for LSB: App... initialization (21s / no limit)[K[   [0;31m*[0;1;31m*[0m[0;31m*[0m] A start job is running for LSB: App... initialization (21s / no limit)[K[    [0;31m*[0;1;31m*[0m] A start job is running for LSB: App... initialization (22s / no limit)[K[     [0;31m*[0m] A start job is running for LSB: App... initialization (22s / no limit)[K[    [0;31m*[0;1;31m*[0m] A start job is running for LSB: App... initialization (23s / no limit)[K[   [0;31m*[0;1;31m*[0m[0;31m*[0m] A start job is running for LSB: App... initialization (23s / no limit)[K[  [0;31m*[0;1;31m*[0m[0;31m* [0m] A start job is running for LSB: App... initialization (24s / no limit)[K[ [0;31m*[0;1;31m*[0m[0;31m*  [0m] A start job is running for LSB: App... initialization (24s / no limit)[K[[0;31m*[0;1;31m*[0m[0;31m*   [0m] A start job is running for LSB: App... initialization (25s / no limit)[K[[0;1;31m*[0m[0;31m*    [0m] A start job is running for LSB: App... initialization (25s / no limit)[K[[0m[0;31m*     [0m] A start job is running for LSB: App... initialization (26s / no limit)[K[[0;1;31m*[0m[0;31m*    [0m] A start job is running for LSB: App... initialization (26s / no limit)[K[[0;31m*[0;1;31m*[0m[0;31m*   [0m] A start job is running for LSB: App... initialization (27s / no limit)[K[ [0;31m*[0;1;31m*[0m[0;31m*  [0m] A start job is running for LSB: App... initialization (27s / no limit)[K[  [0;31m*[0;1;31m*[0m[0;31m* [0m] A start job is running for LSB: App... initialization (28s / no limit)[K[   [0;31m*[0;1;31m*[0m[0;31m*[0m] A start job is running for LSB: App... initialization (28s / no limit)[K[    [0;31m*[0;1;31m*[0m] A start job is running for LSB: App... initialization (29s / no limit)[K[     [0;31m*[0m] A start job is running for LSB: App... initialization (29s / no limit)[K[    [0;31m*[0;1;31m*[0m] A start job is running for LSB: App... initialization (30s / no limit)[K[   [0;31m*[0;1;31m*[0m[0;31m*[0m] A start job is running for LSB: App... initialization (30s / no limit)[K[  [0;31m*[0;1;31m*[0m[0;31m* [0m] A start job is running for LSB: App... initialization (31s / no limit)[K[ [0;31m*[0;1;31m*[0m[0;31m*  [0m] A start job is running for LSB: App... initialization (31s / no limit)[K[[0;31m*[0;1;31m*[0m[0;31m*   [0m] A start job is running for LSB: App... initialization (32s / no limit)[K[[0;1;31m*[0m[0;31m*    [0m] A start job is running for LSB: App... initialization (32s / no limit)[K[[0m[0;31m*     [0m] A start job is running for LSB: App... initialization (33s / no limit)[K[[0;1;31m*[0m[0;31m*    [0m] A start job is running for LSB: App... initialization (33s / no limit)[K[[0;31m*[0;1;31m*[0m[0;31m*   [0m] A start job is running for LSB: App... initialization (34s / no limit)[K[ [0;31m*[0;1;31m*[0m[0;31m*  [0m] A start job is running for LSB: App... initialization (34s / no limit)[K[  [0;31m*[0;1;31m*[0m[0;31m* [0m] A start job is running for LSB: App... initialization (35s / no limit)[K[   [0;31m*[0;1;31m*[0m[0;31m*[0m] A start job is running for LSB: App... initialization (36s / no limit)[K[    [0;31m*[0;1;31m*[0m] A start job is running for LSB: App... initialization (36s / no limit)[K[[0;32m  OK  [0m] Found device 82540EM Gigabit Ethern...r (PRO/1000 MT Desktop Adapter).
[[0;32m  OK  [0m] Started LSB: AppArmor initialization.
[[0;32m  OK  [0m] Reached target System Initialization.
[[0;32m  OK  [0m] Started Daily Cleanup of Temporary Directories.
[[0;32m  OK  [0m] Started Trigger resolvconf update for networkd DNS.
[[0;32m  OK  [0m] Started Daily apt activities.
[[0;32m  OK  [0m] Listening on ACPID Listen Socket.
[[0;32m  OK  [0m] Listening on D-Bus System Message Bus Socket.
[[0;32m  OK  [0m] Started Ubuntu Core Snappy AutoUpdate.
[[0;32m  OK  [0m] Reached target Timers.
[[0;32m  OK  [0m] Listening on UUID daemon activation socket.
         Starting Seed the pseudo random number generator on first boot...
         Starting Socket activation for snappy daemon.
         Starting LXD - unix socket.
[[0;32m  OK  [0m] Started ACPI Events Check.
[[0;32m  OK  [0m] Reached target Paths.
[[0;32m  OK  [0m] Started ifup for eth0.
         Starting Raise network interfaces...
[[0;32m  OK  [0m] Listening on Socket activation for snappy daemon.
[[0;32m  OK  [0m] Listening on LXD - unix socket.
[[0;32m  OK  [0m] Reached target Sockets.
[[0;32m  OK  [0m] Reached target Basic System.
[[0;32m  OK  [0m] Started D-Bus System Message Bus.
         Starting LXD - container startup/shutdown...
[[0;32m  OK  [0m] Started Regular background program processing daemon.
         Starting Login Service...
         Starting LSB: Record successful boot for GRUB...
         Starting Accounts Service...
[[0;32m  OK  [0m] Started Deferred execution scheduler.
[[0;32m  OK  [0m] Started FUSE filesystem for LXC.
         Starting LSB: MD monitoring daemon...
[[0;32m  OK  [0m] Started ACPI event daemon.
         Starting System Logging Service...
[[0;32m  OK  [0m] Started Login Service.
[[0;32m  OK  [0m] Started System Logging Service.
         Starting Authenticate and Authorize Users to Run Privileged Tasks...
[[0;32m  OK  [0m] Started Authenticate and Authorize Users to Run Privileged Tasks.
[[0;32m  OK  [0m] Started Accounts Service.
[[0;32m  OK  [0m] Started LSB: Record successful boot for GRUB.
[[0;32m  OK  [0m] Started LSB: MD monitoring daemon.
[[0;32m  OK  [0m] Started LXD - container startup/shutdown.
[[0;32m  OK  [0m] Started Raise network interfaces.
         Starting Initial cloud-init job (metadata service crawler)...
[[0;32m  OK  [0m] Reached target Network.
[[0;32m  OK  [0m] Started Seed the pseudo random number generator on first boot.
[   56.706733] cloud-init[942]: Cloud-init v. 0.7.7 running 'init' at Mon, 18 Apr 2016 08:35:52 +0000. Up 53.05 seconds.
[   56.774374] cloud-init[942]: ci-info: +++++++++++++++++++++++++++++++++++++Net device info+++++++++++++++++++++++++++++++++++++
[   56.793998] cloud-init[942]: ci-info: +--------+------+---------------------------+---------------+-------+-------------------+
[   56.828962] cloud-init[942]: ci-info: | Device |  Up  |          Address          |      Mask     | Scope |     Hw-Address    |
[   56.871327] cloud-init[942]: ci-info: +--------+------+---------------------------+---------------+-------+-------------------+
[   56.882232] cloud-init[942]: ci-info: |   lo   | True |         127.0.0.1         |   255.0.0.0   |   .   |         .         |
[   56.894123] cloud-init[942]: ci-info: |   lo   | True |          ::1/128          |       .       |  host |         .         |
[   56.906501] cloud-init[942]: ci-info: |  eth0  | True |         10.0.2.15         | 255.255.255.0 |   .   | 02:9c:f7:f2:09:25 |
[   56.915630] cloud-init[942]: ci-info: |  eth0  | True | fe80::9c:f7ff:fef2:925/64 |       .       |  link | 02:9c:f7:f2:09:25 |
[   56.942001] cloud-init[942]: ci-info: +--------+------+---------------------------+---------------+-------+-------------------+
[   56.972947] cloud-init[942]: ci-info: +++++++++++++++++++++++++++Route IPv4 info++++++++++++++++++++++++++++
[   57.004163] cloud-init[942]: ci-info: +-------+-------------+----------+---------------+-----------+-------+
[   57.015873] cloud-init[942]: ci-info: | Route | Destination | Gateway  |    Genmask    | Interface | Flags |
[   57.032383] cloud-init[942]: ci-info: +-------+-------------+----------+---------------+-----------+-------+
[   57.049533] cloud-init[942]: ci-info: |   0   |   0.0.0.0   | 10.0.2.2 |    0.0.0.0    |    eth0   |   UG  |
[   57.061751] cloud-init[942]: ci-info: |   1   |   10.0.2.0  | 0.0.0.0  | 255.255.255.0 |    eth0   |   U   |
[   57.071596] cloud-init[942]: ci-info: +-------+-------------+----------+---------------+-----------+-------+
[   57.086158] cloud-init[942]: Generating public/private rsa key pair.
[   57.094228] cloud-init[942]: Your identification has been saved in /etc/ssh/ssh_host_rsa_key.
[   57.114388] cloud-init[942]: Your public key has been saved in /etc/ssh/ssh_host_rsa_key.pub.
[   57.129982] cloud-init[942]: The key fingerprint is:
[   57.138150] cloud-init[942]: SHA256:DgNOfDa6N/2x9JnbR7UcPXGFVibDTvzQSKaI5b9yRFI root@ubuntu-xenial
[   57.150732] cloud-init[942]: The key's randomart image is:
[   57.169946] cloud-init[942]: +---[RSA 2048]----+
[   57.173723] cloud-init[942]: |          . E+===|
[   57.185939] cloud-init[942]: |   .     + o oO=o|
[   57.207682] cloud-init[942]: |    + + . + o+ o+|
[   57.221056] cloud-init[942]: |   o = .   +  .o+|
[   57.258914] cloud-init[942]: |    o o S   o . =|
[   57.267422] cloud-init[942]: |     . =   . . o.|
[   57.267992] cloud-init[942]: |    . o o + o  . |
[[0;32m  OK  [0m] Started Initial cloud-init job (metadata service crawler).
[   57.268777] cloud-init[942]: |     . . o * +  .|
[   57.282101] cloud-init[942]: |          o =... |
[[0;32m  OK  [0m[   57.286236] cloud-init[942]: +----[SHA256]-----+
[   57.286566] cloud-init[942]: Generating public/private dsa key pair.
] Reached target Network is Online.
[   57.287541] cloud-init[942]: Your identification has been saved in /etc/ssh/ssh_host_dsa_key.
[   57.378084] cloud-init[942]: Your public key has been saved in /etc/ssh/ssh_host_dsa_key.pub.
         Starting /etc/rc.local Compatibility...
[   57.378963] cloud-init[942]: The key fingerprint is:
         Starting iSCSI initiator daemon (iscsid)...[   57.427826] cloud-init[942]: SHA256:tilrNKXG3D573wceysuhLhH/x3DnI3nBaR3w3L4aizY root@ubuntu-xenial
[   57.430070] cloud-init[942]: The key's randomart image is:
[   57.430273] cloud-init[942]: +---[DSA 1024]----+
[   57.430383] cloud-init[942]: |                 |
[   57.430477] cloud-init[942]: |             .   |
[   57.430570] cloud-init[942]: |              + .|
[   57.430657] cloud-init[942]: |        o      +.|
[   57.430746] cloud-init[942]: |     o +So    ..+|
[   57.430820] cloud-init[942]: |      B.oo. . +=+|
[   57.430893] cloud-init[942]: |     o.oo. o.Bo=o|
[   57.430967] cloud-init[942]: |      .o+ .E==*+o|
[   57.431044] cloud-init[942]: |     .. .*+o===..|
[   57.431132] cloud-init[942]: +----[SHA256]-----+
[   57.431213] cloud-init[942]: Generating public/private ecdsa key pair.
[   57.431336] cloud-init[942]: Your identification has been saved in /etc/ssh/ssh_host_ecdsa_key.
[   57.431417] cloud-init[942]: Your public key has been saved in /etc/ssh/ssh_host_ecdsa_key.pub.
[   57.431628] cloud-init[942]: The key fingerprint is:
[   57.431748] cloud-init[942]: SHA256:Vp1VKjGpFAylcbFu0MqvcqN2dBt1nfGYzD7Jztk3ppU root@ubuntu-xenial
[   57.431823] cloud-init[942]: The key's randomart image is:
[   57.431901] cloud-init[942]: +---[ECDSA 256]---+
[   57.431972] cloud-init[942]: |        o+=oo....|
[   57.432063] cloud-init[942]: |         =oo.= o |
[   57.432155] cloud-init[942]: |        o.+.+o.++|
[   57.432227] cloud-init[942]: |       . =. ..*.o|
[   57.432346] cloud-init[942]: |        S o. + . |
[   57.432420] cloud-init[942]: |       ..oo   = .|
[   57.432537] cloud-init[942]: |       . ..o o E |
[   57.432710] cloud-init[942]: |      o +..   =oo|
[   57.432784] cloud-init[942]: |     ..=..   .o o|
[   57.432858] cloud-init[942]: +----[SHA256]-----+
[   57.432930] cloud-init[942]: Generating public/private ed25519 key pair.
[   57.433048] cloud-init[942]: Your identification has been saved in /etc/ssh/ssh_host_ed25519_key.
[   57.433127] cloud-init[942]: Your public key has been saved in /etc/ssh/ssh_host_ed25519_key.pub.
[   57.433222] cloud-init[942]: The key fingerprint is:
[   57.433292] cloud-init[942]: SHA256:5RunDPMPq3v7Df2UWCHICFAN5DJ6sp/zQVMJZKioffc root@ubuntu-xenial
[   57.440226] cloud-init[942]: The key's randomart image is:
[   57.440416] cloud-init[942]: +--[ED25519 256]--+
[   57.440565] cloud-init[942]: |     .*Oo        |
[   57.440710] cloud-init[942]: |     .o o.+ .    |
[   57.440852] cloud-init[942]: |  . .o . +.o . . |
[   57.441000] cloud-init[942]: | . .. o .o    . .|
[   57.441162] cloud-init[942]: |.. o . oS o .  . |
[   57.441311] cloud-init[942]: |. . = o .= = .o .|
[   57.441456] cloud-init[942]: |   o . o  * .....|
[   57.441602] cloud-init[942]: |    ... E .+ o o |
[   57.442545] cloud-init[942]: |     oo.o+ooo . .|
[   57.442710] cloud-init[942]: +----[SHA256]-----+

         Starting OpenBSD Secure Shell server...
[[0;32m  OK  [0m] Reached target Cloud-config availability.
         Starting Apply the settings specified in cloud-config...
[[0;32m  OK  [0m] Started /etc/rc.local Compatibility.
[[0;32m  OK  [0m] Started OpenBSD Secure Shell server.
[[0;32m  OK  [0m] Started iSCSI initiator daemon (iscsid).
         Starting Login to default iSCSI targets...
[[0;32m  OK  [0m] Started Login to default iSCSI targets.
[[0;32m  OK  [0m] Reached target Remote File Systems (Pre).
[[0;32m  OK  [0m] Reached target Remote File Systems.
         Starting Permit User Sessions...
         Starting LSB: automatic crash report generation...
         Starting LSB: daemon to balance interrupts for SMP systems...
         Starting LSB: Set the CPU Frequency Scaling governor to "ondemand"...
[[0;32m  OK  [0m] Started Permit User Sessions.
         Starting Hold until boot process finishes up...
         Starting Terminate Plymouth Boot Screen...
[[0;32m  OK  [0m] Started Hold until boot process finishes up.
[[0;32m  OK  [0m] Started Terminate Plymouth Boot Screen.
[[0;32m  OK  [0m] Started Serial Getty on ttyS0.
[[0;32m  OK  [0m] Started Getty on tty1.
[[0;32m  OK  [0m] Reached target Login Prompts.
[[0;32m  OK  [0m] Started LSB: Set the CPU Frequency Scaling governor to "ondemand".
[[0;32m  OK  [0m] Started LSB: daemon to balance interrupts for SMP systems.
[[0;32m  OK  [0m] Started LSB: automatic crash report generation.
[   60.727497] cloud-init[1065]: Generating locales (this might take a while)...
[   63.527811] cloud-init[1065]:   en_US.UTF-8... done
[   63.547862] cloud-init[1065]: Generation complete.
         Stopping OpenBSD Secure Shell server...
[[0;32m  OK  [0m] Stopped OpenBSD Secure Shell server.
         Starting OpenBSD Secure Shell server...
[[0;32m  OK  [0m] Started OpenBSD Secure Shell server.
[   65.453252] cloud-init[1065]: Cloud-init v. 0.7.7 running 'modules:config' at Mon, 18 Apr 2016 08:35:59 +0000. Up 60.10 seconds.

Ubuntu Xenial Xerus (development branch) ubuntu-xenial ttyS0

ubuntu-xenial login: ci-info: no authorized ssh keys fingerprints found for user ubuntu.
<14>Apr 18 08:36:06 ec2: 
<14>Apr 18 08:36:06 ec2: #############################################################
<14>Apr 18 08:36:06 ec2: -----BEGIN SSH HOST KEY FINGERPRINTS-----
<14>Apr 18 08:36:06 ec2: 1024 SHA256:tilrNKXG3D573wceysuhLhH/x3DnI3nBaR3w3L4aizY root@ubuntu-xenial (DSA)
<14>Apr 18 08:36:06 ec2: 256 SHA256:Vp1VKjGpFAylcbFu0MqvcqN2dBt1nfGYzD7Jztk3ppU root@ubuntu-xenial (ECDSA)
<14>Apr 18 08:36:06 ec2: 256 SHA256:5RunDPMPq3v7Df2UWCHICFAN5DJ6sp/zQVMJZKioffc root@ubuntu-xenial (ED25519)
<14>Apr 18 08:36:06 ec2: 2048 SHA256:DgNOfDa6N/2x9JnbR7UcPXGFVibDTvzQSKaI5b9yRFI root@ubuntu-xenial (RSA)
<14>Apr 18 08:36:06 ec2: -----END SSH HOST KEY FINGERPRINTS-----
<14>Apr 18 08:36:06 ec2: #############################################################
-----BEGIN SSH HOST KEY KEYS-----
ecdsa-sha2-nistp256 AAAAE2VjZHNhLXNoYTItbmlzdHAyNTYAAAAIbmlzdHAyNTYAAABBBLuj4QhY1U5Py2xMeXEOWcAndyvgWmNPQz4LWbmj8fhuD7x0hdIBjEVzhe26MM/c5Xb6SA6PVil2CIYprhJUo9U= root@ubuntu-xenial
ssh-ed25519 AAAAC3NzaC1lZDI1NTE5AAAAIPsrXXJAp54aXiRXtSwlJoNhIG4SzWWgP4uOV6joHeqo root@ubuntu-xenial
ssh-rsa AAAAB3NzaC1yc2EAAAADAQABAAABAQCwvwHosYjTFL3a4KPRIu9mJTFbncSdawIQbpeHp+bR5ECuupIlnuY1CtB13dsOUkySIHwUEYFkKbi2dsFt1bpJ8zAlpXc4ZdCRMqbYcOqjKJWa4smEsXP9toR9grpnUPsR5XmRyhbPip8v+537LmTF99/8fPz2WgHWlgzxwU1wHu/o/MX3nd5jlO2MLt84rbvx8R1qPQCE/qTOJrynVA/4lrr5G041sRF0EgmXtyDrq73ryOzi+FRFj1OTs874cfJU4M4I9l++ELoZGlXArkzoJigrItbJtFGRDK/aQn+NzvDbZMvjV/+AyARqnQV9rY2zIDu91DmiyFWjO7w0Dy8b root@ubuntu-xenial
-----END SSH HOST KEY KEYS-----
[   67.346535] cloud-init[1270]: Cloud-init v. 0.7.7 running 'modules:final' at Mon, 18 Apr 2016 08:36:05 +0000. Up 66.69 seconds.
[   67.351966] cloud-init[1270]: ci-info: no authorized ssh keys fingerprints found for user ubuntu.
[   67.360112] cloud-init[1270]: Cloud-init v. 0.7.7 finished at Mon, 18 Apr 2016 08:36:06 +0000. Datasource DataSourceNoCloudNet [seed=/dev/sdb][dsmode=net].  Up 67.27 seconds
